C zlink API vs gRPC local bench

Effective Options:
  generated_local: 2026-09-07T06:26:02+0900
  payload_sizes: 1024,4096
  duration_seconds: 3
  window_size: 100
  max_outstanding: 4096
  drain_timeout_ms: 5000

| Scenario                     |     Size |            Throughput |       Bandwidth | Lat.Mean(ms) | Lat.P95(ms) | Lat.P99(ms) |   C.CPU% | C.Mem MB |   S.CPU% | S.Mem MB |  Submitted |  Completed |   Errors |  Blocked |   MaxOut |     SubmitMs |
|------------------------------|----------|-----------------------|-----------------|--------------|-------------|-------------|----------|----------|----------|----------|------------|------------|----------|----------|----------|--------------|
| grpc-c-request-serial        |     1024 |         16.157 KOPS   |     16.544 MB/s |        0.060 |       0.079 |       0.110 |    1.874 |   14.465 |    2.567 |   13.906 |      48470 |      48470 |        0 |        0 |        1 |     2918.431 |
RESULT,current,grpc-c-request-serial,local,1024,throughput,16.157
RESULT,current,grpc-c-request-serial,local,1024,bandwidth,16.544
RESULT,current,grpc-c-request-serial,local,1024,latency,0.060
RESULT,current,grpc-c-request-serial,local,1024,latency_p95,0.079
RESULT,current,grpc-c-request-serial,local,1024,latency_p99,0.110
RESULT,current,grpc-c-request-serial,local,1024,client_cpu_percent,1.874
RESULT,current,grpc-c-request-serial,local,1024,client_memory_mb,14.465
RESULT,current,grpc-c-request-serial,local,1024,server_cpu_percent,2.567
RESULT,current,grpc-c-request-serial,local,1024,server_memory_mb,13.906
RESULT,current,grpc-c-request-serial,local,1024,submitted,48470.000
RESULT,current,grpc-c-request-serial,local,1024,completed,48470.000
RESULT,current,grpc-c-request-serial,local,1024,errors,0.000
RESULT,current,grpc-c-request-serial,local,1024,blocked,0.000
RESULT,current,grpc-c-request-serial,local,1024,max_outstanding,1.000
RESULT,current,grpc-c-request-serial,local,1024,submit_wait_ms,2918.431
| grpc-c-request-window        |     1024 |         65.894 KOPS   |     67.476 MB/s |        1.502 |       1.679 |       1.781 |    8.903 |   18.348 |   26.764 |   20.230 |     197827 |     197827 |        0 |        0 |      100 |      848.039 |
RESULT,current,grpc-c-request-window,local,1024,throughput,65.894
RESULT,current,grpc-c-request-window,local,1024,bandwidth,67.476
RESULT,current,grpc-c-request-window,local,1024,latency,1.502
RESULT,current,grpc-c-request-window,local,1024,latency_p95,1.679
RESULT,current,grpc-c-request-window,local,1024,latency_p99,1.781
RESULT,current,grpc-c-request-window,local,1024,client_cpu_percent,8.903
RESULT,current,grpc-c-request-window,local,1024,client_memory_mb,18.348
RESULT,current,grpc-c-request-window,local,1024,server_cpu_percent,26.764
RESULT,current,grpc-c-request-window,local,1024,server_memory_mb,20.230
RESULT,current,grpc-c-request-window,local,1024,submitted,197827.000
RESULT,current,grpc-c-request-window,local,1024,completed,197827.000
RESULT,current,grpc-c-request-window,local,1024,errors,0.000
RESULT,current,grpc-c-request-window,local,1024,blocked,0.000
RESULT,current,grpc-c-request-window,local,1024,max_outstanding,100.000
RESULT,current,grpc-c-request-window,local,1024,submit_wait_ms,848.039
| grpc-c-request-saturation    |     1024 |         60.779 KOPS   |     62.238 MB/s |       66.314 |      73.095 |      79.906 |    9.457 |  101.316 |   25.960 |   90.480 |     185080 |     185080 |        0 |        0 |     4096 |     1156.563 |
RESULT,current,grpc-c-request-saturation,local,1024,throughput,60.779
RESULT,current,grpc-c-request-saturation,local,1024,bandwidth,62.238
RESULT,current,grpc-c-request-saturation,local,1024,latency,66.314
RESULT,current,grpc-c-request-saturation,local,1024,latency_p95,73.095
RESULT,current,grpc-c-request-saturation,local,1024,latency_p99,79.906
RESULT,current,grpc-c-request-saturation,local,1024,client_cpu_percent,9.457
RESULT,current,grpc-c-request-saturation,local,1024,client_memory_mb,101.316
RESULT,current,grpc-c-request-saturation,local,1024,server_cpu_percent,25.960
RESULT,current,grpc-c-request-saturation,local,1024,server_memory_mb,90.480
RESULT,current,grpc-c-request-saturation,local,1024,submitted,185080.000
RESULT,current,grpc-c-request-saturation,local,1024,completed,185080.000
RESULT,current,grpc-c-request-saturation,local,1024,errors,0.000
RESULT,current,grpc-c-request-saturation,local,1024,blocked,0.000
RESULT,current,grpc-c-request-saturation,local,1024,max_outstanding,4096.000
RESULT,current,grpc-c-request-saturation,local,1024,submit_wait_ms,1156.563
| grpc-c-send-blocking         |     1024 |         15.734 KMSG/s |     16.112 MB/s |        0.000 |       0.000 |       0.000 |    1.903 |  101.316 |    2.467 |   90.320 |      47203 |      47203 |        0 |        0 |        1 |     2913.985 |
RESULT,current,grpc-c-send-blocking,local,1024,throughput,15.734
RESULT,current,grpc-c-send-blocking,local,1024,bandwidth,16.112
RESULT,current,grpc-c-send-blocking,local,1024,latency,0.000
RESULT,current,grpc-c-send-blocking,local,1024,latency_p95,0.000
RESULT,current,grpc-c-send-blocking,local,1024,latency_p99,0.000
RESULT,current,grpc-c-send-blocking,local,1024,client_cpu_percent,1.903
RESULT,current,grpc-c-send-blocking,local,1024,client_memory_mb,101.316
RESULT,current,grpc-c-send-blocking,local,1024,server_cpu_percent,2.467
RESULT,current,grpc-c-send-blocking,local,1024,server_memory_mb,90.320
RESULT,current,grpc-c-send-blocking,local,1024,submitted,47203.000
RESULT,current,grpc-c-send-blocking,local,1024,completed,47203.000
RESULT,current,grpc-c-send-blocking,local,1024,errors,0.000
RESULT,current,grpc-c-send-blocking,local,1024,blocked,0.000
RESULT,current,grpc-c-send-blocking,local,1024,max_outstanding,1.000
RESULT,current,grpc-c-send-blocking,local,1024,submit_wait_ms,2913.985
| grpc-c-send-saturation       |     1024 |         62.279 KMSG/s |     63.773 MB/s |        0.000 |       0.000 |       0.000 |    9.455 |  101.316 |   26.150 |   92.105 |     189571 |     189571 |        0 |        0 |     4096 |     1099.936 |
RESULT,current,grpc-c-send-saturation,local,1024,throughput,62.279
RESULT,current,grpc-c-send-saturation,local,1024,bandwidth,63.773
RESULT,current,grpc-c-send-saturation,local,1024,latency,0.000
RESULT,current,grpc-c-send-saturation,local,1024,latency_p95,0.000
RESULT,current,grpc-c-send-saturation,local,1024,latency_p99,0.000
RESULT,current,grpc-c-send-saturation,local,1024,client_cpu_percent,9.455
RESULT,current,grpc-c-send-saturation,local,1024,client_memory_mb,101.316
RESULT,current,grpc-c-send-saturation,local,1024,server_cpu_percent,26.150
RESULT,current,grpc-c-send-saturation,local,1024,server_memory_mb,92.105
RESULT,current,grpc-c-send-saturation,local,1024,submitted,189571.000
RESULT,current,grpc-c-send-saturation,local,1024,completed,189571.000
RESULT,current,grpc-c-send-saturation,local,1024,errors,0.000
RESULT,current,grpc-c-send-saturation,local,1024,blocked,0.000
RESULT,current,grpc-c-send-saturation,local,1024,max_outstanding,4096.000
RESULT,current,grpc-c-send-saturation,local,1024,submit_wait_ms,1099.936
| grpc-c-request-serial        |     4096 |         14.149 KOPS   |     57.955 MB/s |        0.069 |       0.099 |       0.137 |    1.939 |  101.316 |    2.467 |   92.105 |      42448 |      42448 |        0 |        0 |        1 |     2913.687 |
RESULT,current,grpc-c-request-serial,local,4096,throughput,14.149
RESULT,current,grpc-c-request-serial,local,4096,bandwidth,57.955
RESULT,current,grpc-c-request-serial,local,4096,latency,0.069
RESULT,current,grpc-c-request-serial,local,4096,latency_p95,0.099
RESULT,current,grpc-c-request-serial,local,4096,latency_p99,0.137
RESULT,current,grpc-c-request-serial,local,4096,client_cpu_percent,1.939
RESULT,current,grpc-c-request-serial,local,4096,client_memory_mb,101.316
RESULT,current,grpc-c-request-serial,local,4096,server_cpu_percent,2.467
RESULT,current,grpc-c-request-serial,local,4096,server_memory_mb,92.105
RESULT,current,grpc-c-request-serial,local,4096,submitted,42448.000
RESULT,current,grpc-c-request-serial,local,4096,completed,42448.000
RESULT,current,grpc-c-request-serial,local,4096,errors,0.000
RESULT,current,grpc-c-request-serial,local,4096,blocked,0.000
RESULT,current,grpc-c-request-serial,local,4096,max_outstanding,1.000
RESULT,current,grpc-c-request-serial,local,4096,submit_wait_ms,2913.687
| grpc-c-request-window        |     4096 |         62.379 KOPS   |    255.503 MB/s |        1.584 |       1.782 |       1.910 |    9.006 |  101.316 |   26.798 |   92.547 |     187270 |     187270 |        0 |        0 |      100 |      902.252 |
RESULT,current,grpc-c-request-window,local,4096,throughput,62.379
RESULT,current,grpc-c-request-window,local,4096,bandwidth,255.503
RESULT,current,grpc-c-request-window,local,4096,latency,1.584
RESULT,current,grpc-c-request-window,local,4096,latency_p95,1.782
RESULT,current,grpc-c-request-window,local,4096,latency_p99,1.910
RESULT,current,grpc-c-request-window,local,4096,client_cpu_percent,9.006
RESULT,current,grpc-c-request-window,local,4096,client_memory_mb,101.316
RESULT,current,grpc-c-request-window,local,4096,server_cpu_percent,26.798
RESULT,current,grpc-c-request-window,local,4096,server_memory_mb,92.547
RESULT,current,grpc-c-request-window,local,4096,submitted,187270.000
RESULT,current,grpc-c-request-window,local,4096,completed,187270.000
RESULT,current,grpc-c-request-window,local,4096,errors,0.000
RESULT,current,grpc-c-request-window,local,4096,blocked,0.000
RESULT,current,grpc-c-request-window,local,4096,max_outstanding,100.000
RESULT,current,grpc-c-request-window,local,4096,submit_wait_ms,902.252
| grpc-c-request-saturation    |     4096 |         58.423 KOPS   |    239.302 MB/s |       69.135 |      83.252 |      93.769 |    9.560 |  124.496 |   25.950 |  148.145 |     177970 |     177970 |        0 |        0 |     4096 |     1314.764 |
RESULT,current,grpc-c-request-saturation,local,4096,throughput,58.423
RESULT,current,grpc-c-request-saturation,local,4096,bandwidth,239.302
RESULT,current,grpc-c-request-saturation,local,4096,latency,69.135
RESULT,current,grpc-c-request-saturation,local,4096,latency_p95,83.252
RESULT,current,grpc-c-request-saturation,local,4096,latency_p99,93.769
RESULT,current,grpc-c-request-saturation,local,4096,client_cpu_percent,9.560
RESULT,current,grpc-c-request-saturation,local,4096,client_memory_mb,124.496
RESULT,current,grpc-c-request-saturation,local,4096,server_cpu_percent,25.950
RESULT,current,grpc-c-request-saturation,local,4096,server_memory_mb,148.145
RESULT,current,grpc-c-request-saturation,local,4096,submitted,177970.000
RESULT,current,grpc-c-request-saturation,local,4096,completed,177970.000
RESULT,current,grpc-c-request-saturation,local,4096,errors,0.000
RESULT,current,grpc-c-request-saturation,local,4096,blocked,0.000
RESULT,current,grpc-c-request-saturation,local,4096,max_outstanding,4096.000
RESULT,current,grpc-c-request-saturation,local,4096,submit_wait_ms,1314.764
| grpc-c-send-blocking         |     4096 |         13.932 KMSG/s |     57.065 MB/s |        0.000 |       0.000 |       0.000 |    1.939 |  124.496 |    2.317 |  148.145 |      41796 |      41796 |        0 |        0 |        1 |     2903.592 |
RESULT,current,grpc-c-send-blocking,local,4096,throughput,13.932
RESULT,current,grpc-c-send-blocking,local,4096,bandwidth,57.065
RESULT,current,grpc-c-send-blocking,local,4096,latency,0.000
RESULT,current,grpc-c-send-blocking,local,4096,latency_p95,0.000
RESULT,current,grpc-c-send-blocking,local,4096,latency_p99,0.000
RESULT,current,grpc-c-send-blocking,local,4096,client_cpu_percent,1.939
RESULT,current,grpc-c-send-blocking,local,4096,client_memory_mb,124.496
RESULT,current,grpc-c-send-blocking,local,4096,server_cpu_percent,2.317
RESULT,current,grpc-c-send-blocking,local,4096,server_memory_mb,148.145
RESULT,current,grpc-c-send-blocking,local,4096,submitted,41796.000
RESULT,current,grpc-c-send-blocking,local,4096,completed,41796.000
RESULT,current,grpc-c-send-blocking,local,4096,errors,0.000
RESULT,current,grpc-c-send-blocking,local,4096,blocked,0.000
RESULT,current,grpc-c-send-blocking,local,4096,max_outstanding,1.000
RESULT,current,grpc-c-send-blocking,local,4096,submit_wait_ms,2903.592
| grpc-c-send-saturation       |     4096 |         60.605 KMSG/s |    248.240 MB/s |        0.000 |       0.000 |       0.000 |    9.439 |  122.980 |   26.213 |  154.219 |     184614 |     184614 |        0 |        0 |     4096 |     1281.787 |
RESULT,current,grpc-c-send-saturation,local,4096,throughput,60.605
RESULT,current,grpc-c-send-saturation,local,4096,bandwidth,248.240
RESULT,current,grpc-c-send-saturation,local,4096,latency,0.000
RESULT,current,grpc-c-send-saturation,local,4096,latency_p95,0.000
RESULT,current,grpc-c-send-saturation,local,4096,latency_p99,0.000
RESULT,current,grpc-c-send-saturation,local,4096,client_cpu_percent,9.439
RESULT,current,grpc-c-send-saturation,local,4096,client_memory_mb,122.980
RESULT,current,grpc-c-send-saturation,local,4096,server_cpu_percent,26.213
RESULT,current,grpc-c-send-saturation,local,4096,server_memory_mb,154.219
RESULT,current,grpc-c-send-saturation,local,4096,submitted,184614.000
RESULT,current,grpc-c-send-saturation,local,4096,completed,184614.000
RESULT,current,grpc-c-send-saturation,local,4096,errors,0.000
RESULT,current,grpc-c-send-saturation,local,4096,blocked,0.000
RESULT,current,grpc-c-send-saturation,local,4096,max_outstanding,4096.000
RESULT,current,grpc-c-send-saturation,local,4096,submit_wait_ms,1281.787
| zlink-c-request-serial       |     1024 |         11.049 KOPS   |     11.314 MB/s |        0.090 |       0.134 |       0.193 |    2.011 |    7.289 |    1.467 |    6.562 |      33147 |      33147 |        0 |        0 |        1 |       62.236 |
RESULT,current,zlink-c-request-serial,local,1024,throughput,11.049
RESULT,current,zlink-c-request-serial,local,1024,bandwidth,11.314
RESULT,current,zlink-c-request-serial,local,1024,latency,0.090
RESULT,current,zlink-c-request-serial,local,1024,latency_p95,0.134
RESULT,current,zlink-c-request-serial,local,1024,latency_p99,0.193
RESULT,current,zlink-c-request-serial,local,1024,client_cpu_percent,2.011
RESULT,current,zlink-c-request-serial,local,1024,client_memory_mb,7.289
RESULT,current,zlink-c-request-serial,local,1024,server_cpu_percent,1.467
RESULT,current,zlink-c-request-serial,local,1024,server_memory_mb,6.562
RESULT,current,zlink-c-request-serial,local,1024,submitted,33147.000
RESULT,current,zlink-c-request-serial,local,1024,completed,33147.000
RESULT,current,zlink-c-request-serial,local,1024,errors,0.000
RESULT,current,zlink-c-request-serial,local,1024,blocked,0.000
RESULT,current,zlink-c-request-serial,local,1024,max_outstanding,1.000
RESULT,current,zlink-c-request-serial,local,1024,submit_wait_ms,62.236
| zlink-c-request-window       |     1024 |        411.383 KOPS   |    421.256 MB/s |        0.221 |       0.310 |       0.370 |    7.787 |   10.102 |    8.583 |    6.762 |    1234201 |    1234201 |        0 |        0 |      100 |      990.241 |
RESULT,current,zlink-c-request-window,local,1024,throughput,411.383
RESULT,current,zlink-c-request-window,local,1024,bandwidth,421.256
RESULT,current,zlink-c-request-window,local,1024,latency,0.221
RESULT,current,zlink-c-request-window,local,1024,latency_p95,0.310
RESULT,current,zlink-c-request-window,local,1024,latency_p99,0.370
RESULT,current,zlink-c-request-window,local,1024,client_cpu_percent,7.787
RESULT,current,zlink-c-request-window,local,1024,client_memory_mb,10.102
RESULT,current,zlink-c-request-window,local,1024,server_cpu_percent,8.583
RESULT,current,zlink-c-request-window,local,1024,server_memory_mb,6.762
RESULT,current,zlink-c-request-window,local,1024,submitted,1234201.000
RESULT,current,zlink-c-request-window,local,1024,completed,1234201.000
RESULT,current,zlink-c-request-window,local,1024,errors,0.000
RESULT,current,zlink-c-request-window,local,1024,blocked,0.000
RESULT,current,zlink-c-request-window,local,1024,max_outstanding,100.000
RESULT,current,zlink-c-request-window,local,1024,submit_wait_ms,990.241
| zlink-c-request-saturation   |     1024 |        441.595 KOPS   |    452.194 MB/s |        9.196 |      10.044 |      10.309 |    7.950 |   14.008 |    8.820 |    7.547 |    1326776 |    1326776 |        0 |       11 |     4096 |     1103.866 |
RESULT,current,zlink-c-request-saturation,local,1024,throughput,441.595
RESULT,current,zlink-c-request-saturation,local,1024,bandwidth,452.194
RESULT,current,zlink-c-request-saturation,local,1024,latency,9.196
RESULT,current,zlink-c-request-saturation,local,1024,latency_p95,10.044
RESULT,current,zlink-c-request-saturation,local,1024,latency_p99,10.309
RESULT,current,zlink-c-request-saturation,local,1024,client_cpu_percent,7.950
RESULT,current,zlink-c-request-saturation,local,1024,client_memory_mb,14.008
RESULT,current,zlink-c-request-saturation,local,1024,server_cpu_percent,8.820
RESULT,current,zlink-c-request-saturation,local,1024,server_memory_mb,7.547
RESULT,current,zlink-c-request-saturation,local,1024,submitted,1326776.000
RESULT,current,zlink-c-request-saturation,local,1024,completed,1326776.000
RESULT,current,zlink-c-request-saturation,local,1024,errors,0.000
RESULT,current,zlink-c-request-saturation,local,1024,blocked,11.000
RESULT,current,zlink-c-request-saturation,local,1024,max_outstanding,4096.000
RESULT,current,zlink-c-request-saturation,local,1024,submit_wait_ms,1103.866
| zlink-c-send-blocking        |     1024 |       1096.016 KMSG/s |   1122.320 MB/s |        0.000 |       0.000 |       0.000 |    8.905 |   14.008 |    6.183 |    7.812 |    3288047 |    3288047 |        0 |        0 |        0 |     1815.931 |
RESULT,current,zlink-c-send-blocking,local,1024,throughput,1096.016
RESULT,current,zlink-c-send-blocking,local,1024,bandwidth,1122.320
RESULT,current,zlink-c-send-blocking,local,1024,latency,0.000
RESULT,current,zlink-c-send-blocking,local,1024,latency_p95,0.000
RESULT,current,zlink-c-send-blocking,local,1024,latency_p99,0.000
RESULT,current,zlink-c-send-blocking,local,1024,client_cpu_percent,8.905
RESULT,current,zlink-c-send-blocking,local,1024,client_memory_mb,14.008
RESULT,current,zlink-c-send-blocking,local,1024,server_cpu_percent,6.183
RESULT,current,zlink-c-send-blocking,local,1024,server_memory_mb,7.812
RESULT,current,zlink-c-send-blocking,local,1024,submitted,3288047.000
RESULT,current,zlink-c-send-blocking,local,1024,completed,3288047.000
RESULT,current,zlink-c-send-blocking,local,1024,errors,0.000
RESULT,current,zlink-c-send-blocking,local,1024,blocked,0.000
RESULT,current,zlink-c-send-blocking,local,1024,max_outstanding,0.000
RESULT,current,zlink-c-send-blocking,local,1024,submit_wait_ms,1815.931
| zlink-c-send-saturation      |     1024 |        744.721 KMSG/s |    762.594 MB/s |        0.000 |       0.000 |       0.000 |    8.279 |   35.883 |    4.900 |    7.754 |    2234163 |    2234163 |  1144740 |    65536 |        0 |     1740.628 |
RESULT,current,zlink-c-send-saturation,local,1024,throughput,744.721
RESULT,current,zlink-c-send-saturation,local,1024,bandwidth,762.594
RESULT,current,zlink-c-send-saturation,local,1024,latency,0.000
RESULT,current,zlink-c-send-saturation,local,1024,latency_p95,0.000
RESULT,current,zlink-c-send-saturation,local,1024,latency_p99,0.000
RESULT,current,zlink-c-send-saturation,local,1024,client_cpu_percent,8.279
RESULT,current,zlink-c-send-saturation,local,1024,client_memory_mb,35.883
RESULT,current,zlink-c-send-saturation,local,1024,server_cpu_percent,4.900
RESULT,current,zlink-c-send-saturation,local,1024,server_memory_mb,7.754
RESULT,current,zlink-c-send-saturation,local,1024,submitted,2234163.000
RESULT,current,zlink-c-send-saturation,local,1024,completed,2234163.000
RESULT,current,zlink-c-send-saturation,local,1024,errors,1144740.000
RESULT,current,zlink-c-send-saturation,local,1024,blocked,65536.000
RESULT,current,zlink-c-send-saturation,local,1024,max_outstanding,0.000
RESULT,current,zlink-c-send-saturation,local,1024,submit_wait_ms,1740.628
| zlink-c-request-serial       |     4096 |          9.013 KOPS   |     36.917 MB/s |        0.110 |       0.142 |       0.202 |    1.932 |   36.195 |    1.533 |    7.754 |      27039 |      27039 |        0 |        0 |        1 |       65.423 |
RESULT,current,zlink-c-request-serial,local,4096,throughput,9.013
RESULT,current,zlink-c-request-serial,local,4096,bandwidth,36.917
RESULT,current,zlink-c-request-serial,local,4096,latency,0.110
RESULT,current,zlink-c-request-serial,local,4096,latency_p95,0.142
RESULT,current,zlink-c-request-serial,local,4096,latency_p99,0.202
RESULT,current,zlink-c-request-serial,local,4096,client_cpu_percent,1.932
RESULT,current,zlink-c-request-serial,local,4096,client_memory_mb,36.195
RESULT,current,zlink-c-request-serial,local,4096,server_cpu_percent,1.533
RESULT,current,zlink-c-request-serial,local,4096,server_memory_mb,7.754
RESULT,current,zlink-c-request-serial,local,4096,submitted,27039.000
RESULT,current,zlink-c-request-serial,local,4096,completed,27039.000
RESULT,current,zlink-c-request-serial,local,4096,errors,0.000
RESULT,current,zlink-c-request-serial,local,4096,blocked,0.000
RESULT,current,zlink-c-request-serial,local,4096,max_outstanding,1.000
RESULT,current,zlink-c-request-serial,local,4096,submit_wait_ms,65.423
| zlink-c-request-window       |     4096 |        225.878 KOPS   |    925.198 MB/s |        0.432 |       0.529 |       0.607 |    7.513 |   38.852 |    7.366 |    8.223 |     677694 |     677694 |        0 |        0 |      100 |      632.393 |
RESULT,current,zlink-c-request-window,local,4096,throughput,225.878
RESULT,current,zlink-c-request-window,local,4096,bandwidth,925.198
RESULT,current,zlink-c-request-window,local,4096,latency,0.432
RESULT,current,zlink-c-request-window,local,4096,latency_p95,0.529
RESULT,current,zlink-c-request-window,local,4096,latency_p99,0.607
RESULT,current,zlink-c-request-window,local,4096,client_cpu_percent,7.513
RESULT,current,zlink-c-request-window,local,4096,client_memory_mb,38.852
RESULT,current,zlink-c-request-window,local,4096,server_cpu_percent,7.366
RESULT,current,zlink-c-request-window,local,4096,server_memory_mb,8.223
RESULT,current,zlink-c-request-window,local,4096,submitted,677694.000
RESULT,current,zlink-c-request-window,local,4096,completed,677694.000
RESULT,current,zlink-c-request-window,local,4096,errors,0.000
RESULT,current,zlink-c-request-window,local,4096,blocked,0.000
RESULT,current,zlink-c-request-window,local,4096,max_outstanding,100.000
RESULT,current,zlink-c-request-window,local,4096,submit_wait_ms,632.393
| zlink-c-request-saturation   |     4096 |        226.222 KOPS   |    926.605 MB/s |        1.777 |       2.032 |       2.157 |    7.951 |   39.223 |    7.481 |    8.426 |     678910 |     678910 |        0 |   112785 |      406 |      793.302 |
RESULT,current,zlink-c-request-saturation,local,4096,throughput,226.222
RESULT,current,zlink-c-request-saturation,local,4096,bandwidth,926.605
RESULT,current,zlink-c-request-saturation,local,4096,latency,1.777
RESULT,current,zlink-c-request-saturation,local,4096,latency_p95,2.032
RESULT,current,zlink-c-request-saturation,local,4096,latency_p99,2.157
RESULT,current,zlink-c-request-saturation,local,4096,client_cpu_percent,7.951
RESULT,current,zlink-c-request-saturation,local,4096,client_memory_mb,39.223
RESULT,current,zlink-c-request-saturation,local,4096,server_cpu_percent,7.481
RESULT,current,zlink-c-request-saturation,local,4096,server_memory_mb,8.426
RESULT,current,zlink-c-request-saturation,local,4096,submitted,678910.000
RESULT,current,zlink-c-request-saturation,local,4096,completed,678910.000
RESULT,current,zlink-c-request-saturation,local,4096,errors,0.000
RESULT,current,zlink-c-request-saturation,local,4096,blocked,112785.000
RESULT,current,zlink-c-request-saturation,local,4096,max_outstanding,406.000
RESULT,current,zlink-c-request-saturation,local,4096,submit_wait_ms,793.302
| zlink-c-send-blocking        |     4096 |        573.364 KMSG/s |   2348.501 MB/s |        0.000 |       0.000 |       0.000 |    7.189 |   36.410 |    6.483 |    8.625 |    1720094 |    1720094 |        0 |        0 |        0 |     2142.219 |
RESULT,current,zlink-c-send-blocking,local,4096,throughput,573.364
RESULT,current,zlink-c-send-blocking,local,4096,bandwidth,2348.501
RESULT,current,zlink-c-send-blocking,local,4096,latency,0.000
RESULT,current,zlink-c-send-blocking,local,4096,latency_p95,0.000
RESULT,current,zlink-c-send-blocking,local,4096,latency_p99,0.000
RESULT,current,zlink-c-send-blocking,local,4096,client_cpu_percent,7.189
RESULT,current,zlink-c-send-blocking,local,4096,client_memory_mb,36.410
RESULT,current,zlink-c-send-blocking,local,4096,server_cpu_percent,6.483
RESULT,current,zlink-c-send-blocking,local,4096,server_memory_mb,8.625
RESULT,current,zlink-c-send-blocking,local,4096,submitted,1720094.000
RESULT,current,zlink-c-send-blocking,local,4096,completed,1720094.000
RESULT,current,zlink-c-send-blocking,local,4096,errors,0.000
RESULT,current,zlink-c-send-blocking,local,4096,blocked,0.000
RESULT,current,zlink-c-send-blocking,local,4096,max_outstanding,0.000
RESULT,current,zlink-c-send-blocking,local,4096,submit_wait_ms,2142.219
| zlink-c-send-saturation      |     4096 |        483.329 KMSG/s |   1979.717 MB/s |        0.000 |       0.000 |       0.000 |    8.751 |   36.410 |    6.083 |    8.656 |    1449988 |    1449988 |  2245591 |        0 |        0 |     1885.878 |
RESULT,current,zlink-c-send-saturation,local,4096,throughput,483.329
RESULT,current,zlink-c-send-saturation,local,4096,bandwidth,1979.717
RESULT,current,zlink-c-send-saturation,local,4096,latency,0.000
RESULT,current,zlink-c-send-saturation,local,4096,latency_p95,0.000
RESULT,current,zlink-c-send-saturation,local,4096,latency_p99,0.000
RESULT,current,zlink-c-send-saturation,local,4096,client_cpu_percent,8.751
RESULT,current,zlink-c-send-saturation,local,4096,client_memory_mb,36.410
RESULT,current,zlink-c-send-saturation,local,4096,server_cpu_percent,6.083
RESULT,current,zlink-c-send-saturation,local,4096,server_memory_mb,8.656
RESULT,current,zlink-c-send-saturation,local,4096,submitted,1449988.000
RESULT,current,zlink-c-send-saturation,local,4096,completed,1449988.000
RESULT,current,zlink-c-send-saturation,local,4096,errors,2245591.000
RESULT,current,zlink-c-send-saturation,local,4096,blocked,0.000
RESULT,current,zlink-c-send-saturation,local,4096,max_outstanding,0.000
RESULT,current,zlink-c-send-saturation,local,4096,submit_wait_ms,1885.878
